// Jest Snapshot v1, https://goo.gl/fbAQLP

exports[`Past Grants Search should return first page of grants 1`] = `
Array [
  Object {
    "amountAwarded": 5000,
    "awardDate": 2004-03-31T23:00:00.000Z,
    "beneficiaryLocation": Array [
      Object {
        "geoCode": "E05008514",
        "geoCodeType": "WD",
        "name": "Ventnor West",
      },
      Object {
        "geoCode": "E06000046",
        "geoCodeType": "CMLAD",
        "name": "Isle of Wight",
      },
    ],
    "currency": "GBP",
    "dateModified": 2016-05-11T12:54:00.000Z,
    "description": "This club will offer more people the chance to take up trampolining through the provision of new equipment.",
    "fundingOrganization": Array [
      Array [
        Object {
          "id": "360G-blf",
          "name": "The Big Lottery Fund",
        },
      ],
    ],
    "grantProgramme": Array [
      Array [
        Object {
          "code": "A4E2",
          "title": "Awards for All",
        },
      ],
    ],
    "id": "A4E_2_010107111",
    "plannedDates": Array [
      Object {
        "startDate": 2004-04-27T23:00:00.000Z,
      },
    ],
    "recipientOrganization": Array [
      Array [
        Object {
          "id": "360G-blf-org-WightFlyersTrampoline&GymnasticClubCharity:CharitableUnincorporatedAssociation191977",
          "name": "Wight Flyers Trampoline & Gymnastic Club",
          "organisationType": "Charity",
        },
      ],
    ],
    "title": "New Equipment",
  },
  Object {
    "amountAwarded": 5000,
    "awardDate": 2004-03-31T23:00:00.000Z,
    "beneficiaryLocation": Array [
      Object {
        "geoCode": "E05002425",
        "geoCodeType": "WD",
        "name": "Hanover and Elm Grove",
      },
      Object {
        "geoCode": "E06000043",
        "geoCodeType": "CMLAD",
        "name": "The City of Brighton and Hove",
      },
    ],
    "currency": "GBP",
    "dateModified": 2016-05-11T11:38:00.000Z,
    "description": "A consultant will be employed to develop a curriculum for all ages of Woodcraft Folk.  It will include knowledge of fire building, shelter construction, crafting wood, camp fires, flora and fauna identification, knots and health and safety.  A dedicated website will be launched in conjunction with this curriculum, enabling all youth leaders free access to the material.  Basic equipment will be provided so all activities to be on the curriculum can take place.",
    "fundingOrganization": Array [
      Array [
        Object {
          "id": "360G-blf",
          "name": "The Big Lottery Fund",
        },
      ],
    ],
    "grantProgramme": Array [
      Array [
        Object {
          "code": "A4E2",
          "title": "Awards for All",
        },
      ],
    ],
    "id": "A4E_2_010103521",
    "plannedDates": Array [
      Object {
        "startDate": 2004-04-27T23:00:00.000Z,
      },
    ],
    "recipientOrganization": Array [
      Array [
        Object {
          "id": "360G-blf-org-WoodcraftFolk(Brighthelmstone)Charity:CharitableUnincorporatedAssociation111988",
          "name": "Woodcraft Folk (Brighthelmstone)",
          "organisationType": "Charity",
        },
      ],
    ],
    "title": "Woodcraft Curriculum Development",
  },
  Object {
    "amountAwarded": 4975,
    "awardDate": 2004-03-31T23:00:00.000Z,
    "beneficiaryLocation": Array [
      Object {
        "geoCode": "E05005047",
        "geoCodeType": "WD",
        "name": "Hythe West",
      },
      Object {
        "geoCode": "E07000112",
        "geoCodeType": "CMLAD",
        "name": "Shepway",
      },
    ],
    "currency": "GBP",
    "dateModified": 2016-05-11T12:54:00.000Z,
    "description": "This club will buy equipment to enable it to start up.  Disabled people from Shepway will be able to take part in cycling.  They will be provided with an activity to improve health and the recreational activities available.  Guided rides will be available and the club will link with physiotherapists to provide support on equipment and duration of riding.",
    "fundingOrganization": Array [
      Array [
        Object {
          "id": "360G-blf",
          "name": "The Big Lottery Fund",
        },
      ],
    ],
    "grantProgramme": Array [
      Array [
        Object {
          "code": "A4E2",
          "title": "Awards for All",
        },
      ],
    ],
    "id": "A4E_2_010106867",
    "plannedDates": Array [
      Object {
        "startDate": 2004-04-27T23:00:00.000Z,
      },
    ],
    "recipientOrganization": Array [
      Array [
        Object {
          "id": "360G-blf-org-HytheAbilityCyclingClubCharity:CharitableUnincorporatedAssociation1112003",
          "name": "Hythe Ability Cycling Club",
          "organisationType": "Charity",
        },
      ],
    ],
    "title": "Equipment for disabled people",
  },
  Object {
    "amountAwarded": 4850,
    "awardDate": 2004-03-31T23:00:00.000Z,
    "beneficiaryLocation": Array [
      Object {
        "geoCode": "E05002397",
        "geoCodeType": "WD",
        "name": "Bletchley and Fenny Stratford",
      },
      Object {
        "geoCode": "E06000042",
        "geoCodeType": "CMLAD",
        "name": "Milton Keynes",
      },
    ],
    "currency": "GBP",
    "dateModified": 2016-05-11T12:54:00.000Z,
    "description": "A new out of hours sports club will be set up to introduce children and their parents to a range of multi sports including, fitness training, athletics, kwik cricket, tag and junior rugby, basketball, football, netball, baseball and tennis.",
    "fundingOrganization": Array [
      Array [
        Object {
          "id": "360G-blf",
          "name": "The Big Lottery Fund",
        },
      ],
    ],
    "grantProgramme": Array [
      Array [
        Object {
          "code": "A4E2",
          "title": "Awards for All",
        },
      ],
    ],
    "id": "A4E_2_010107094",
    "plannedDates": Array [
      Object {
        "startDate": 2004-04-27T23:00:00.000Z,
      },
    ],
    "recipientOrganization": Array [
      Array [
        Object {
          "id": "360G-blf-org-StThomasAquinasCatholicCombinedSchoolOther:Other111960",
          "name": "St Thomas Aquinas Catholic Combined School",
          "organisationType": "Other",
        },
      ],
    ],
    "title": "After School Sports Club and Coaching",
  },
  Object {
    "amountAwarded": 3300,
    "awardDate": 2004-03-31T23:00:00.000Z,
    "beneficiaryLocation": Array [
      Object {
        "geoCode": "E05009139",
        "geoCodeType": "WD",
        "name": "Norham and Islandshires",
      },
      Object {
        "geoCode": "E06000057",
        "geoCodeType": "CMLAD",
        "name": "Northumberland",
      },
    ],
    "currency": "GBP",
    "dateModified": 2016-05-11T12:54:00.000Z,
    "description": "This group promotes the sport of tennis. The award means they can advertise their club in order to attract new members. They will also be able to set up 'mini tots tennis' sessions to encourage participation in the sport from an early age and set up an 'equipment pool' to allow any new members to try the sport before having to purchase the associated equipment. publicity costs, costs of 'mini-tots tennis' (venue hire and equipment), equipment.",
    "fundingOrganization": Array [
      Array [
        Object {
          "id": "360G-blf",
          "name": "The Big Lottery Fund",
        },
      ],
    ],
    "grantProgramme": Array [
      Array [
        Object {
          "code": "A4E3",
          "title": "Awards for All",
        },
      ],
    ],
    "id": "A4E_3_010109234",
    "plannedDates": Array [
      Object {
        "startDate": 2004-04-15T23:00:00.000Z,
      },
    ],
    "recipientOrganization": Array [
      Array [
        Object {
          "id": "360G-blf-org-BerwickTennisClubCharity:CharitableUnincorporatedAssociation141991",
          "name": "Berwick Tennis Club",
          "organisationType": "Charity",
        },
      ],
    ],
    "title": "Increase Membership",
  },
]
`;
