// Jest Snapshot v1, https://goo.gl/fbAQLP

exports[`Past Grants Search should return empty results for invalid queries 1`] = `
Object {
  "facets": Object {
    "amountAwarded": Array [],
    "awardDate": Array [],
    "countries": Array [],
    "grantProgramme": Array [],
    "localAuthorities": Array [],
    "orgType": Array [],
    "westminsterConstituencies": Array [],
  },
  "meta": Object {
    "currentSort": Object {
      "direction": "desc",
      "type": "score",
    },
    "pagination": Object {
      "currentPage": 1,
      "nextPageParams": undefined,
      "perPageCount": 50,
      "prevPageParams": undefined,
      "skipCount": 0,
      "totalPages": 0,
    },
    "query": Object {
      "orgType": "MadeUpOrg",
      "programme": "Big Cheese Fund",
      "q": "\\"purple\\" \\"monkey\\" \\"dishwasher\\"",
    },
    "totalAwarded": false,
    "totalResults": 0,
  },
  "results": Array [],
}
`;
